[18août2026 19:58:29.415] [main/INFO] [cpw.mods.modlauncher.Launcher/MODLAUNCHER]: ModLauncher running: args [--launchTarget, forgeclientuserdev, --version, MOD_DEV, --assetIndex, 5, --assetsDir, /home/axeno/.gradle/caches/forge_gradle/assets, --gameDir, ., --fml.forgeVersion, 47.4.22, --fml.mcVersion, 1.20.1, --fml.forgeGroup, net.minecraftforge, --fml.mcpVersion, 20230612.114412]
[18août2026 19:58:29.419] [main/INFO] [cpw.mods.modlauncher.Launcher/MODLAUNCHER]: ModLauncher 10.0.9+10.0.9+main.dcd20f30 starting: java version 17.0.20 by Amazon.com Inc.; OS Linux arch amd64 version 7.1.8-200.fc44.x86_64
[18août2026 19:58:29.447] [main/DEBUG] [cpw.mods.modlauncher.LaunchServiceHandler/MODLAUNCHER]: Found launch services [fmlclientdev,forgeclient,minecraft,forgegametestserverdev,fmlserveruserdev,fmlclient,fmldatauserdev,forgeserverdev,forgeserveruserdev,forgeclientdev,forgeclientuserdev,forgeserver,forgedatadev,fmlserver,fmlclientuserdev,fmlserverdev,forgedatauserdev,testharness,forgegametestserveruserdev]
[18août2026 19:58:29.468] [main/DEBUG] [cpw.mods.modlauncher.NameMappingServiceHandler/MODLAUNCHER]: Found naming services : [srgtomcp]
[18août2026 19:58:29.488] [main/DEBUG] [cpw.mods.modlauncher.LaunchPluginHandler/MODLAUNCHER]: Found launch plugins: [mixin,eventbus,slf4jfixer,object_holder_definalize,runtime_enum_extender,capability_token_subclass,accesstransformer,runtimedistcleaner]
[18août2026 19:58:29.500] [main/DEBUG] [cpw.mods.modlauncher.TransformationServicesHandler/MODLAUNCHER]: Discovering transformation services
[18août2026 19:58:29.505] [main/DEBUG] [net.minecraftforge.fml.loading.FMLPaths/CORE]: Path GAMEDIR is /home/axeno/IdeaProjects/untitled/run
[18août2026 19:58:29.505] [main/DEBUG] [net.minecraftforge.fml.loading.FMLPaths/CORE]: Path MODSDIR is /home/axeno/IdeaProjects/untitled/run/mods
[18août2026 19:58:29.505] [main/DEBUG] [net.minecraftforge.fml.loading.FMLPaths/CORE]: Path CONFIGDIR is /home/axeno/IdeaProjects/untitled/run/config
[18août2026 19:58:29.505] [main/DEBUG] [net.minecraftforge.fml.loading.FMLPaths/CORE]: Path FMLCONFIG is /home/axeno/IdeaProjects/untitled/run/config/fml.toml
[18août2026 19:58:29.537] [main/DEBUG] [cpw.mods.modlauncher.TransformationServicesHandler/MODLAUNCHER]: Found additional transformation services from discovery services: 
[18août2026 19:58:29.542] [main/INFO] [net.minecraftforge.fml.loading.ImmediateWindowHandler/]: Loading ImmediateWindowProvider fmlearlywindow
[18août2026 19:58:29.597] [main/ERROR] [EARLYDISPLAY/]: ERROR DISPLAY
Failed to initialize graphics window with current settings.


Failure details:
We are unable to initialize the graphics system.
glfwInit failed.


If you click yes, we will try and open https://links.minecraftforge.net/early-display-errors in your default browser
[18août2026 19:58:29.599] [main/ERROR] [net.minecraftforge.fml.loading.ImmediateWindowHandler/]: Failed to call provider.initialize
java.lang.IllegalStateException: Unable to initialize GLFW
	at net.minecraftforge.fml.earlydisplay.DisplayWindow.initWindow(DisplayWindow.java:348) ~[fmlearlydisplay-1.20.1-47.4.22.jar:1.0]
	at net.minecraftforge.fml.earlydisplay.DisplayWindow.start(DisplayWindow.java:291) ~[fmlearlydisplay-1.20.1-47.4.22.jar:1.0]
	at net.minecraftforge.fml.earlydisplay.DisplayWindow.initialize(DisplayWindow.java:154) ~[fmlearlydisplay-1.20.1-47.4.22.jar:1.0]
	at net.minecraftforge.fml.loading.ImmediateWindowHandler$Wrapper.initialize(ImmediateWindowHandler.java:198) ~[fmlloader-1.20.1-47.4.22.jar:1.0]
	at net.minecraftforge.fml.loading.ImmediateWindowHandler.load(ImmediateWindowHandler.java:66) ~[fmlloader-1.20.1-47.4.22.jar:1.0]
	at net.minecraftforge.fml.loading.ModDirTransformerDiscoverer.earlyInitialization(ModDirTransformerDiscoverer.java:44) ~[fmlloader-1.20.1-47.4.22.jar:1.0]
	at cpw.mods.modlauncher.TransformationServicesHandler.lambda$discoverServices$18(TransformationServicesHandler.java:131) ~[modlauncher-10.0.9.jar:?]
	at java.lang.Iterable.forEach(Iterable.java:75) ~[?:?]
	at cpw.mods.modlauncher.TransformationServicesHandler.discoverServices(TransformationServicesHandler.java:131) ~[modlauncher-10.0.9.jar:?]
	at cpw.mods.modlauncher.Launcher.run(Launcher.java:87) ~[modlauncher-10.0.9.jar:?]
	at cpw.mods.modlauncher.Launcher.main(Launcher.java:78) ~[modlauncher-10.0.9.jar:?]
	at cpw.mods.modlauncher.BootstrapLaunchConsumer.accept(BootstrapLaunchConsumer.java:26) ~[modlauncher-10.0.9.jar:?]
	at cpw.mods.modlauncher.BootstrapLaunchConsumer.accept(BootstrapLaunchConsumer.java:23) ~[modlauncher-10.0.9.jar:?]
	at cpw.mods.bootstraplauncher.BootstrapLauncher.main(BootstrapLauncher.java:141) ~[bootstraplauncher-1.1.2.jar:?]
